#-----------------------------------------------------------
# Vivado v2017.4 (64-bit)
# SW Build 2086221 on Fri Dec 15 20:55:39 MST 2017
# IP Build 2085800 on Fri Dec 15 22:25:07 MST 2017
# Start of session at: Mon Mar 19 18:51:32 2018
# Process ID: 2036
# Current directory: C:/Users/Nick Schiffer/Documents/School/CMPE125/Labs/parallel_unsigned_integer_multiplier
# Command line: vivado.exe -gui_launcher_event rodinguilauncherevent10768 C:\Users\Nick Schiffer\Documents\School\CMPE125\Labs\parallel_unsigned_integer_multiplier\parallel_unsigned_integer_multiplier.xpr
# Log file: C:/Users/Nick Schiffer/Documents/School/CMPE125/Labs/parallel_unsigned_integer_multiplier/vivado.log
# Journal file: C:/Users/Nick Schiffer/Documents/School/CMPE125/Labs/parallel_unsigned_integer_multiplier\vivado.jou
#-----------------------------------------------------------
start_gui
open_project {C:/Users/Nick Schiffer/Documents/School/CMPE125/Labs/parallel_unsigned_integer_multiplier/parallel_unsigned_integer_multiplier.xpr}
update_compile_order -fileset sources_1
update_compile_order -fileset sim_1
update_compile_order -fileset sim_1
set_property SOURCE_SET sources_1 [get_filesets sim_1]
add_files -fileset sim_1 -norecurse {{C:/Users/Nick Schiffer/Documents/School/CMPE125/Labs/parallel_unsigned_integer_multiplier/parallel_unsigned_integer_multiplier.srcs/sim_1/new/UIM_pipeline_self_check_tb.v}}
update_compile_order -fileset sim_1
# Disabling source management mode.  This is to allow the top design properties to be set without GUI intervention.
set_property source_mgmt_mode None [current_project]
set_property top UIM_pipeline_self_check_tb [get_filesets sim_1]
set_property top_lib xil_defaultlib [get_filesets sim_1]
# Re-enabling previously disabled source management mode.
set_property source_mgmt_mode All [current_project]
update_compile_order -fileset sim_1
launch_simulation
source UIM_pipeline_self_check_tb.tcl
close_sim
